const CampUnspecified
const CodeGameAlreadyStarted
const CodeGameEnded
const CodeGameNotStarted
const CodeInvalidBoard
const CodeInvalidConfig
const CodeInvalidEffectLog
const CodeInvalidPhase
const CodeInvalidPlayerID
const CodeInvalidRole
const CodeInvalidSnapshot
const CodeMessageNotAllowed
const CodePlayerDead
const CodePlayerExists
const CodePlayerNotFound
const CodeSkillNotAllowed
const CodeTargetDead
const CodeTargetNotFound
const CodeUnspecified
const DefaultPhaseTimeout
const EventDetour
const EventGameEnded
const EventGameStarted
const EventGotoPhase
const EventPhaseChanged
const EventPlayerAdded
const EventSetActors
const EventSetAlive
const EventSetVar
const EventUnspecified
const PhaseEnd
const PhaseStart
const PhaseUnspecified
const RoleSystem
const RoleUnspecified
const SkillAnnounce
const SkillSkip
const SkillUnspecified
const SnapshotVersion
const VarCamp
const VarPresent
func CodeOf
func HasCode
func Mark
func MustNewEngine
func NewDetourEffect
func NewEffect
func NewEngine
func NewGotoPhaseEffect
func NewSetActorsEffect
func NewSetAliveEffect
func NewSetVarEffect
func ReplayEngine
func RestoreEngine
func Seat
func WithAudience
func WithGameSetup
func WithLogger
func WithResolver
func WithRoleInfo
func WithRoleSetup
func WithSpeech
func WithTeammates
func WithVictoryChecker
func WrapError
method AudienceFunc.Audience
method Board.Apply
method Board.Player
method Board.Var
method Board.View
method Camp.String
method Config.PhaseTimeout
method Config.Validate
method Effect.Cancel
method Effect.SetsAlive
method Effect.SetsVar
method Effect.ToEvent
method Effect.WithData
method Engine.AddPlayer
method Engine.AlivePlayerIDs
method Engine.AllowedSkills
method Engine.Apply
method Engine.AudienceOf
method Engine.EffectLog
method Engine.EndPhase
method Engine.MessageReceivers
method Engine.OnEvent
method Engine.OnMessage
method Engine.PhaseInfo
method Engine.PhaseReadiness
method Engine.PlayerInfo
method Engine.PlayerView
method Engine.RoundContext
method Engine.SendMessage
method Engine.Snapshot
method Engine.Start
method Engine.Status
method Engine.SubmitSkillUse
method Engine.Teammates
method Engine.Var
method Engine.View
method ErrorCode.String
method EventType.String
method GameError.Error
method GameError.Unwrap
method GameSetupFunc.Setup
method PhaseInfo.GodAnnouncementStep
method PhaseInfo.NeedsGodAnnouncement
method PhaseInfo.PlayerActionSteps
method PhaseType.String
method ResolverFunc.Resolve
method RoleInfoFunc.RoleInfo
method RoleSetupFunc.Setup
method RoleType.String
method SkillType.String
method SkillUse.Target
method SpeechFunc.Receivers
method TeammateFunc.Teammates
method VarScope.Of
method VarScope.String
method VictoryFunc.CheckVictory
type AudienceFunc
type AudienceProvider
type Board
type Camp
type Config
type Detour
type DetourSnapshot
type Effect
type Engine
type EngineOption
type ErrorCode
type Event
type EventHandler
type EventType
type Field
type GameError
type GameSetup
type GameSetupFunc
type GameView
type Logger
type Message
type MessageHandler
type PendingAction
type PhaseConfig
type PhaseInfo
type PhaseReadiness
type PhaseStep
type PhaseType
type PlayerInfo
type PlayerSnapshot
type PlayerView
type PublicPlayerInfo
type Resolver
type ResolverFunc
type RoleInfoFunc
type RoleInfoProvider
type RolePhaseInfo
type RoleSetup
type RoleSetupFunc
type RoleType
type RoundContext
type RoundCtxSnapshot
type SelfInfo
type SkillType
type SkillUse
type SkillUseSnapshot
type Snapshot
type SpeechFunc
type SpeechProvider
type Status
type TeammateFunc
type TeammateProvider
type VarScope
type VictoryChecker
type VictoryFunc
var ErrBoardAlreadyDecided
var ErrGameAlreadyStarted
var ErrGameEnded
var ErrGameNotStarted
var ErrInvalidBoard
var ErrInvalidConfig
var ErrInvalidEffectLog
var ErrInvalidPhase
var ErrInvalidPlayerID
var ErrInvalidRole
var ErrInvalidSnapshot
var ErrMessageNotAllowed
var ErrNilSnapshot
var ErrPlayerDead
var ErrPlayerExists
var ErrPlayerNotFound
var ErrSkillNotAllowed
var ErrTargetDead
var ErrTargetNotFound
var ScopeGame
var ScopeRound
